Enter
1.Rectangle
2.Square
Enter length 
Enter breadth
200
