Apple
Bat
Cat
Dog
Elephant
Fanta
Girl
Hut
Joy
Kite
